[    0.000000] Linux version 4.15.0-50-generic (buildd@lcy01-amd64-013) (gcc version 7.3.0 (Ubuntu 7.3.0-16ubuntu3)) #54-Ubuntu SMP Mon May 6 18:46:08 UTC 2019 (Ubuntu 4.15.0-50.54-generic 4.15.18)
[    0.000000] Command line: BOOT_IMAGE=/boot/vmlinuz-4.15.0-50-generic root=LABEL=cloudimg-rootfs ro console=tty1 console=ttyS0
[    0.000000] KERNEL supported cpus:
[    0.000000]   Intel GenuineIntel
[    0.000000]   AMD AuthenticAMD
[    0.000000]   Centaur CentaurHauls
[    0.000000] x86/fpu: Supporting XSAVE feature 0x001: 'x87 floating point registers'
[    0.000000] x86/fpu: Supporting XSAVE feature 0x002: 'SSE registers'
[    0.000000] x86/fpu: Supporting XSAVE feature 0x004: 'AVX registers'
[    0.000000] x86/fpu: xstate_offset[2]:  576, xstate_sizes[2]:  256
[    0.000000] x86/fpu: Enabled xstate features 0x7, context size is 832 bytes, using 'standard' format.
[    0.000000] e820: BIOS-provided physical RAM map:
[    0.000000] BIOS-e820: [mem 0x0000000000000000-0x000000000009fbff] usable
[    0.000000] BIOS-e820: [mem 0x000000000009fc00-0x000000000009ffff] reserved
[    0.000000] BIOS-e820: [mem 0x00000000000f0000-0x00000000000fffff] reserved
[    0.000000] BIOS-e820: [mem 0x0000000000100000-0x000000003ffeffff] usable
[    0.000000] BIOS-e820: [mem 0x000000003fff0000-0x000000003fffffff] ACPI data
[    0.000000] BIOS-e820: [mem 0x00000000fec00000-0x00000000fec00fff] reserved
[    0.000000] BIOS-e820: [mem 0x00000000fee00000-0x00000000fee00fff] reserved
[    0.000000] BIOS-e820: [mem 0x00000000fffc0000-0x00000000ffffffff] reserved
[    0.000000] NX (Execute Disable) protection: active
[    0.000000] SMBIOS 2.5 present.
[    0.000000] DMI: innotek GmbH VirtualBox/VirtualBox, BIOS VirtualBox 12/01/2006
[    0.000000] Hypervisor detected: KVM
[    0.000000] e820: last_pfn = 0x3fff0 max_arch_pfn = 0x400000000
[    0.000000] MTRR: Disabled
[    0.000000] x86/PAT: MTRRs disabled, skipping PAT initialization too.
[    0.000000] CPU MTRRs all blank - virtualized system.
[    0.000000] x86/PAT: Configuration [0-7]: WB  WT  UC- UC  WB  WT  UC- UC  
[    0.000000] found SMP MP-table at [mem 0x0009fff0-0x0009ffff] mapped at [        (ptrval)]
[    0.000000] Scanning 1 areas for low memory corruption
[    0.000000] RAMDISK: [mem 0x35adb000-0x36d64fff]
[    0.000000] ACPI: Early table checksum verification disabled
[    0.000000] ACPI: RSDP 0x00000000000E0000 000024 (v02 VBOX  )
[    0.000000] ACPI: XSDT 0x000000003FFF0030 00003C (v01 VBOX   VBOXXSDT 00000001 ASL  00000061)
[    0.000000] ACPI: FACP 0x000000003FFF00F0 0000F4 (v04 VBOX   VBOXFACP 00000001 ASL  00000061)
[    0.000000] ACPI: DSDT 0x000000003FFF0470 0022EA (v02 VBOX   VBOXBIOS 00000002 INTL 20100528)
[    0.000000] ACPI: FACS 0x000000003FFF0200 000040
[    0.000000] ACPI: FACS 0x000000003FFF0200 000040
[    0.000000] ACPI: APIC 0x000000003FFF0240 00005C (v02 VBOX   VBOXAPIC 00000001 ASL  00000061)
[    0.000000] ACPI: SSDT 0x000000003FFF02A0 0001CC (v01 VBOX   VBOXCPUT 00000002 INTL 20100528)
[    0.000000] No NUMA configuration found
[    0.000000] Faking a node at [mem 0x0000000000000000-0x000000003ffeffff]
[    0.000000] NODE_DATA(0) allocated [mem 0x3ffc5000-0x3ffeffff]
[    0.000000] kvm-clock: cpu 0, msr 0:3ff44001, primary cpu clock
[    0.000000] kvm-clock: Using msrs 4b564d01 and 4b564d00
[    0.000000] kvm-clock: using sched offset of 6838382163 cycles
[    0.000000] clocksource: kvm-clock: mask: 0xffffffffffffffff max_cycles: 0x1cd42e4dffb, max_idle_ns: 881590591483 ns
[    0.000000] Zone ranges:
[    0.000000]   DMA      [mem 0x0000000000001000-0x0000000000ffffff]
[    0.000000]   DMA32    [mem 0x0000000001000000-0x000000003ffeffff]
[    0.000000]   Normal   empty
[    0.000000]   Device   empty
[    0.000000] Movable zone start for each node
[    0.000000] Early memory node ranges
[    0.000000]   node   0: [mem 0x0000000000001000-0x000000000009efff]
[    0.000000]   node   0: [mem 0x0000000000100000-0x000000003ffeffff]
[    0.000000] Reserved but unavailable: 114 pages
[    0.000000] Initmem setup node 0 [mem 0x0000000000001000-0x000000003ffeffff]
[    0.000000] ACPI: PM-Timer IO Port: 0x4008
[    0.000000] IOAPIC[0]: apic_id 2, version 32, address 0xfec00000, GSI 0-23
[    0.000000] ACPI: INT_SRC_OVR (bus 0 bus_irq 0 global_irq 2 dfl dfl)
[    0.000000] ACPI: INT_SRC_OVR (bus 0 bus_irq 9 global_irq 9 low level)
[    0.000000] Using ACPI (MADT) for SMP configuration information
[    0.000000] smpboot: Allowing 2 CPUs, 0 hotplug CPUs
[    0.000000] PM: Registered nosave memory: [mem 0x00000000-0x00000fff]
[    0.000000] PM: Registered nosave memory: [mem 0x0009f000-0x0009ffff]
[    0.000000] PM: Registered nosave memory: [mem 0x000a0000-0x000effff]
[    0.000000] PM: Registered nosave memory: [mem 0x000f0000-0x000fffff]
[    0.000000] e820: [mem 0x40000000-0xfebfffff] available for PCI devices
[    0.000000] Booting paravirtualized kernel on KVM
[    0.000000] clocksource: refined-jiffies: mask: 0xffffffff max_cycles: 0xffffffff, max_idle_ns: 7645519600211568 ns
[    0.000000] random: get_random_bytes called from start_kernel+0x99/0x4fd with crng_init=0
[    0.000000] setup_percpu: NR_CPUS:8192 nr_cpumask_bits:2 nr_cpu_ids:2 nr_node_ids:1
[    0.000000] percpu: Embedded 46 pages/cpu @        (ptrval) s151552 r8192 d28672 u1048576
[    0.000000] PV qspinlock hash table entries: 256 (order: 0, 4096 bytes)
[    0.000000] Built 1 zonelists, mobility grouping on.  Total pages: 257913
[    0.000000] Policy zone: DMA32
[    0.000000] Kernel command line: BOOT_IMAGE=/boot/vmlinuz-4.15.0-50-generic root=LABEL=cloudimg-rootfs ro console=tty1 console=ttyS0
[    0.000000] Memory: 983592K/1048120K available (12300K kernel code, 2474K rwdata, 4276K rodata, 2412K init, 2416K bss, 64528K reserved, 0K cma-reserved)
[    0.000000] SLUB: HWalign=64, Order=0-3, MinObjects=0, CPUs=2, Nodes=1
[    0.000000] Kernel/User page tables isolation: enabled
[    0.000000] ftrace: allocating 39233 entries in 154 pages
[    0.004000] Hierarchical RCU implementation.
[    0.004000] 	RCU restricting CPUs from NR_CPUS=8192 to nr_cpu_ids=2.
[    0.004000] 	Tasks RCU enabled.
[    0.004000] RCU: Adjusting geometry for rcu_fanout_leaf=16, nr_cpu_ids=2
[    0.004000] NR_IRQS: 524544, nr_irqs: 440, preallocated irqs: 16
[    0.004000] Console: colour VGA+ 80x25
[    0.004000] console [tty1] enabled
[    0.004000] console [ttyS0] enabled
[    0.004000] ACPI: Core revision 20170831
[    0.004000] ACPI: 2 ACPI AML tables successfully acquired and loaded
[    0.004000] APIC: Switch to symmetric I/O mode setup
[    0.004000] x2apic enabled
[    0.004000] Switched APIC routing to physical x2apic.
[    0.004929] ..TIMER: vector=0x30 apic1=0 pin1=2 apic2=-1 pin2=-1
[    0.008002] tsc: Detected 2303.998 MHz processor
[    0.012010] Calibrating delay loop (skipped) preset value.. 4607.99 BogoMIPS (lpj=9215992)
[    0.014758] pid_max: default: 32768 minimum: 301
[    0.016037] Security Framework initialized
[    0.017194] Yama: becoming mindful.
[    0.018296] AppArmor: AppArmor initialized
[    0.021546] Dentry cache hash table entries: 131072 (order: 8, 1048576 bytes)
[    0.024059] Inode-cache hash table entries: 65536 (order: 7, 524288 bytes)
[    0.025914] Mount-cache hash table entries: 2048 (order: 2, 16384 bytes)
[    0.028005] Mountpoint-cache hash table entries: 2048 (order: 2, 16384 bytes)
[    0.030122] mce: CPU supports 0 MCE banks
[    0.032019] Last level iTLB entries: 4KB 64, 2MB 8, 4MB 8
[    0.033633] Last level dTLB entries: 4KB 64, 2MB 0, 4MB 0, 1GB 4
[    0.035559] Spectre V2 : Mitigation: Full generic retpoline
[    0.036004] Spectre V2 : Spectre v2 / SpectreRSB mitigation: Filling RSB on context switch
[    0.040004] Speculative Store Bypass: Vulnerable
[    0.041394] MDS: Mitigation: Clear CPU buffers
[    0.042688] Freeing SMP alternatives memory: 36K
[    0.048000] smpboot: CPU0: Intel(R) Core(TM) i5-7360U CPU @ 2.30GHz (family: 0x6, model: 0x8e, stepping: 0x9)
[    0.048090] Performance Events: unsupported p6 CPU model 142 no PMU driver, software events only.
[    0.050850] Hierarchical SRCU implementation.
[    0.052517] NMI watchdog: Perf event create on CPU 0 failed with -2
[    0.054538] NMI watchdog: Perf NMI watchdog permanently disabled
[    0.056059] smp: Bringing up secondary CPUs ...
[    0.057422] x86: Booting SMP configuration:
[    0.060006] .... node  #0, CPUs:      #1
[    0.004000] kvm-clock: cpu 1, msr 0:3ff44041, secondary cpu clock
[    0.004000] mce: CPU supports 0 MCE banks
[    0.068025] smp: Brought up 1 node, 2 CPUs
[    0.069391] smpboot: Max logical packages: 1
[    0.070570] smpboot: Total of 2 processors activated (9215.99 BogoMIPS)
[    0.072151] devtmpfs: initialized
[    0.072993] x86/mm: Memory block size: 128MB
[    0.076127] evm: security.selinux
[    0.077131] evm: security.SMACK64
[    0.078251] evm: security.SMACK64EXEC
[    0.079510] evm: security.SMACK64TRANSMUTE
[    0.080007] evm: security.SMACK64MMAP
[    0.081134] evm: security.apparmor
[    0.082218] evm: security.ima
[    0.084005] evm: security.capability
[    0.085139] clocksource: jiffies: mask: 0xffffffff max_cycles: 0xffffffff, max_idle_ns: 7645041785100000 ns
[    0.088020] futex hash table entries: 512 (order: 3, 32768 bytes)
[    0.089882] pinctrl core: initialized pinctrl subsystem
[    0.093791] RTC time: 14:13:49, date: 05/28/19
[    0.096074] NET: Registered protocol family 16
[    0.097488] audit: initializing netlink subsys (disabled)
[    0.100020] audit: type=2000 audit(1559052837.718:1): state=initialized audit_enabled=0 res=1
[    0.100256] cpuidle: using governor ladder
[    0.104016] cpuidle: using governor menu
[    0.108056] ACPI: bus type PCI registered
[    0.112010] acpiphp: ACPI Hot Plug PCI Controller Driver version: 0.5
[    0.116180] PCI: Using configuration type 1 for base access
[    0.120887] HugeTLB registered 2.00 MiB page size, pre-allocated 0 pages
[    0.124084] ACPI: Added _OSI(Module Device)
[    0.128011] ACPI: Added _OSI(Processor Device)
[    0.129282] ACPI: Added _OSI(3.0 _SCP Extensions)
[    0.130564] ACPI: Added _OSI(Processor Aggregator Device)
[    0.132009] ACPI: Added _OSI(Linux-Dell-Video)
[    0.133227] ACPI: Added _OSI(Linux-Lenovo-NV-HDMI-Audio)
[    0.136007] ACPI: Added _OSI(Linux-HPI-Hybrid-Graphics)
[    0.137670] ACPI: Executed 1 blocks of module-level executable AML code
[    0.150402] ACPI: Interpreter enabled
[    0.151509] ACPI: (supports S0 S5)
[    0.152006] ACPI: Using IOAPIC for interrupt routing
[    0.153497] PCI: Using host bridge windows from ACPI; if necessary, use "pci=nocrs" and report a bug
[    0.156355] ACPI: Enabled 2 GPEs in block 00 to 07
[    0.164410] ACPI: PCI Root Bridge [PCI0] (domain 0000 [bus 00-ff])
[    0.166936] acpi PNP0A03:00: _OSC: OS supports [ASPM ClockPM Segments MSI]
[    0.168414] acpi PNP0A03:00: _OSC: not requesting OS control; OS requires [ExtendedConfig ASPM ClockPM MSI]
[    0.171194] acpi PNP0A03:00: fail to add MMCONFIG information, can't access extended PCI configuration space under this bridge.
[    0.172451] PCI host bridge to bus 0000:00
[    0.176004] pci_bus 0000:00: root bus resource [io  0x0000-0x0cf7 window]
[    0.177807] pci_bus 0000:00: root bus resource [io  0x0d00-0xffff window]
[    0.180008] pci_bus 0000:00: root bus resource [mem 0x000a0000-0x000bffff window]
[    0.184007] pci_bus 0000:00: root bus resource [mem 0x40000000-0xfdffffff window]
[    0.188005] pci_bus 0000:00: root bus resource [bus 00-ff]
[    0.194573] pci 0000:00:01.1: legacy IDE quirk: reg 0x10: [io  0x01f0-0x01f7]
[    0.196006] pci 0000:00:01.1: legacy IDE quirk: reg 0x14: [io  0x03f6]
[    0.198216] pci 0000:00:01.1: legacy IDE quirk: reg 0x18: [io  0x0170-0x0177]
[    0.200009] pci 0000:00:01.1: legacy IDE quirk: reg 0x1c: [io  0x0376]
[    0.234378] pci 0000:00:07.0: quirk: [io  0x4000-0x403f] claimed by PIIX4 ACPI
[    0.236022] pci 0000:00:07.0: quirk: [io  0x4100-0x410f] claimed by PIIX4 SMB
[    0.249250] ACPI: PCI Interrupt Link [LNKA] (IRQs 5 9 10 *11)
[    0.251108] ACPI: PCI Interrupt Link [LNKB] (IRQs 5 9 *10 11)
[    0.256028] ACPI: PCI Interrupt Link [LNKC] (IRQs 5 *9 10 11)
[    0.259569] ACPI: PCI Interrupt Link [LNKD] (IRQs 5 9 10 *11)
[    0.260427] SCSI subsystem initialized
[    0.261579] pci 0000:00:02.0: vgaarb: setting as boot VGA device
[    0.264000] pci 0000:00:02.0: vgaarb: VGA device added: decodes=io+mem,owns=io+mem,locks=none
[    0.264012] pci 0000:00:02.0: vgaarb: bridge control possible
[    0.268003] vgaarb: loaded
[    0.269288] ACPI: bus type USB registered
[    0.272024] usbcore: registered new interface driver usbfs
[    0.276016] usbcore: registered new interface driver hub
[    0.277531] usbcore: registered new device driver usb
[    0.278963] EDAC MC: Ver: 3.0.0
[    0.280319] PCI: Using ACPI for IRQ routing
[    0.281551] NetLabel: Initializing
[    0.282539] NetLabel:  domain hash size = 128
[    0.284002] NetLabel:  protocols = UNLABELED CIPSOv4 CALIPSO
[    0.288016] NetLabel:  unlabeled traffic allowed by default
[    0.292226] clocksource: Switched to clocksource kvm-clock
[    0.307682] VFS: Disk quotas dquot_6.6.0
[    0.308846] VFS: Dquot-cache hash table entries: 512 (order 0, 4096 bytes)
[    0.310763] AppArmor: AppArmor Filesystem Enabled
[    0.316639] pnp: PnP ACPI init
[    0.318985] pnp: PnP ACPI: found 3 devices
[    0.335208] clocksource: acpi_pm: mask: 0xffffff max_cycles: 0xffffff, max_idle_ns: 2085701024 ns
[    0.339310] NET: Registered protocol family 2
[    0.346345] TCP established hash table entries: 8192 (order: 4, 65536 bytes)
[    0.348677] TCP bind hash table entries: 8192 (order: 5, 131072 bytes)
[    0.350708] TCP: Hash tables configured (established 8192 bind 8192)
[    0.352807] UDP hash table entries: 512 (order: 2, 16384 bytes)
[    0.354679] UDP-Lite hash table entries: 512 (order: 2, 16384 bytes)
[    0.365044] NET: Registered protocol family 1
[    0.370546] pci 0000:00:00.0: Limiting direct PCI/PCI transfers
[    0.375520] pci 0000:00:01.0: Activating ISA DMA hang workarounds
[    0.383178] pci 0000:00:02.0: Video device with shadowed ROM at [mem 0x000c0000-0x000dffff]
[    0.393521] Unpacking initramfs...
[    0.910837] Freeing initrd memory: 18984K
[    0.912143] clocksource: tsc: mask: 0xffffffffffffffff max_cycles: 0x2135f5e6f15, max_idle_ns: 440795231538 ns
[    0.914658] platform rtc_cmos: registered platform RTC device (no PNP device found)
[    0.918297] Scanning for low memory corruption every 60 seconds
[    0.922062] Initialise system trusted keyrings
[    0.926606] Key type blacklist registered
[    0.928031] workingset: timestamp_bits=36 max_order=18 bucket_order=0
[    0.930568] zbud: loaded
[    0.934510] squashfs: version 4.0 (2009/01/31) Phillip Lougher
[    0.937775] fuse init (API version 7.26)
[    0.949488] Key type asymmetric registered
[    0.950643] Asymmetric key parser 'x509' registered
[    0.952496] Block layer SCSI generic (bsg) driver version 0.4 loaded (major 246)
[    0.956007] io scheduler noop registered
[    0.957203] io scheduler deadline registered
[    0.958262] io scheduler cfq registered (default)
[    0.960065] ACPI: AC Adapter [AC] (on-line)
[    0.961404] input: Power Button as /devices/LNXSYSTM:00/LNXPWRBN:00/input/input0
[    0.965121] ACPI: Power Button [PWRF]
[    0.966682] input: Sleep Button as /devices/LNXSYSTM:00/LNXSLPBN:00/input/input1
[    0.969656] ACPI: Sleep Button [SLPF]
[    0.971415] Serial: 8250/16550 driver, 32 ports, IRQ sharing enabled
[    0.973023] ACPI: Battery Slot [BAT0] (battery present)
[    0.995596] 00:02: ttyS0 at I/O 0x3f8 (irq = 4, base_baud = 115200) is a 16550A
[    0.998661] Linux agpgart interface v0.103
[    1.003887] loop: module loaded
[    1.005495] scsi host0: ata_piix
[    1.006630] scsi host1: ata_piix
[    1.008566] ata1: PATA max UDMA/33 cmd 0x1f0 ctl 0x3f6 bmdma 0xd000 irq 14
[    1.010399] ata2: PATA max UDMA/33 cmd 0x170 ctl 0x376 bmdma 0xd008 irq 15
[    1.012363] libphy: Fixed MDIO Bus: probed
[    1.016476] tun: Universal TUN/TAP device driver, 1.6
[    1.018523] PPP generic driver version 2.4.2
[    1.019466] ehci_hcd: USB 2.0 'Enhanced' Host Controller (EHCI) Driver
[    1.021474] ehci-pci: EHCI PCI platform driver
[    1.022633] ehci-platform: EHCI generic platform driver
[    1.023716] ohci_hcd: USB 1.1 'Open' Host Controller (OHCI) Driver
[    1.026003] ohci-pci: OHCI PCI platform driver
[    1.027228] ohci-platform: OHCI generic platform driver
[    1.031041] uhci_hcd: USB Universal Host Controller Interface driver
[    1.032906] i8042: PNP: PS/2 Controller [PNP0303:PS2K,PNP0f03:PS2M] at 0x60,0x64 irq 1,12
[    1.035765] serio: i8042 KBD port at 0x60,0x64 irq 1
[    1.037437] serio: i8042 AUX port at 0x60,0x64 irq 12
[    1.039864] mousedev: PS/2 mouse device common for all mice
[    1.041620] input: AT Translated Set 2 keyboard as /devices/platform/i8042/serio0/input/input2
[    1.043835] rtc_cmos rtc_cmos: rtc core: registered rtc_cmos as rtc0
[    1.045974] rtc_cmos rtc_cmos: alarms up to one day, 114 bytes nvram
[    1.047703] i2c /dev entries driver
[    1.050857] pcie_mp2_amd: AMD(R) PCI-E MP2 Communication Driver Version: 1.0
[    1.053909] device-mapper: uevent: version 1.0.3
[    1.056071] device-mapper: ioctl: 4.37.0-ioctl (2017-09-20) initialised: dm-devel@redhat.com
[    1.060006] ledtrig-cpu: registered to indicate activity on CPUs
[    1.061873] NET: Registered protocol family 10
[    1.066364] Segment Routing with IPv6
[    1.067496] NET: Registered protocol family 17
[    1.072579] Key type dns_resolver registered
[    1.076184] RAS: Correctable Errors collector initialized.
[    1.079707] sched_clock: Marking stable (1076069687, 0)->(1420618045, -344548358)
[    1.085972] registered taskstats version 1
[    1.088395] Loading compiled-in X.509 certificates
[    1.091773] Loaded X.509 cert 'Build time autogenerated kernel key: 0d5cb4b7de8533fd8e7240d711ae9d354ea3dca1'
[    1.094536] zswap: loaded using pool lzo/zbud
[    1.099169] Key type big_key registered
[    1.100308] Key type trusted registered
[    1.102729] Key type encrypted registered
[    1.103850] AppArmor: AppArmor sha1 policy hashing enabled
[    1.105381] ima: No TPM chip found, activating TPM-bypass! (rc=-19)
[    1.107185] ima: Allocated hash algorithm: sha1
[    1.108516] evm: HMAC attrs: 0x1
[    1.109904]   Magic number: 3:750:233
[    1.111031] rtc_cmos rtc_cmos: setting system clock to 2019-05-28 14:13:50 UTC (1559052830)
[    1.113850] BIOS EDD facility v0.16 2004-Jun-25, 0 devices found
[    1.115472] EDD information not available.
[    1.178591] Freeing unused kernel image memory: 2412K
[    1.192324] Write protecting the kernel read-only data: 20480k
[    1.196435] Freeing unused kernel image memory: 2008K
[    1.199436] Freeing unused kernel image memory: 1868K
[    1.209213] x86/mm: Checked W+X mappings: passed, no W+X pages found.
[    1.210864] x86/mm: Checking user space page tables
[    1.226633] x86/mm: Checked W+X mappings: passed, no W+X pages found.
Loading, please wait...
starting version 237
[    1.362301] Fusion MPT base driver 3.04.20
[    1.364808] Copyright (c) 1999-2008 LSI Corporation
[    1.376339] e1000: Intel(R) PRO/1000 Network Driver - version 7.3.21-k8-NAPI
[    1.378634] e1000: Copyright (c) 1999-2006 Intel Corporation.
[    1.402275] Fusion MPT SPI Host driver 3.04.20
[    1.541682] AVX2 version of gcm_enc/dec engaged.
[    1.544079] AES CTR mode by8 optimization enabled
[    1.659924] input: ImExPS/2 Generic Explorer Mouse as /devices/platform/i8042/serio1/input/input4
[    2.060776] e1000 0000:00:03.0 eth0: (PCI:33MHz:32-bit) 02:74:f0:c0:9d:60
[    2.062626] e1000 0000:00:03.0 eth0: Intel(R) PRO/1000 Network Connection
[    2.065355] mptbase: ioc0: Initiating bringup
[    2.220876] ioc0: LSI53C1030 A0: Capabilities={Initiator}
[    3.881557] scsi host2: ioc0: LSI53C1030 A0, FwRev=00000000h, Ports=1, MaxQ=256, IRQ=20
[    4.100829] scsi 2:0:0:0: Direct-Access     VBOX     HARDDISK         1.0  PQ: 0 ANSI: 5
[    4.132256] scsi target2:0:0: Beginning Domain Validation
[    4.136238] scsi target2:0:0: Domain Validation skipping write tests
[    4.138228] scsi target2:0:0: Ending Domain Validation
[    4.139940] scsi target2:0:0: asynchronous
[    4.142420] scsi 2:0:1:0: Direct-Access     VBOX     HARDDISK         1.0  PQ: 0 ANSI: 5
[    4.496321] scsi target2:0:1: Beginning Domain Validation
[    4.499200] random: fast init done
[    4.501386] scsi target2:0:1: Domain Validation skipping write tests
[    4.503386] scsi target2:0:1: Ending Domain Validation
[    4.505339] scsi target2:0:1: asynchronous
[    4.511693] random: systemd-udevd: uninitialized urandom read (16 bytes read)
[    4.513666] random: systemd-udevd: uninitialized urandom read (16 bytes read)
[    4.515569] random: systemd-udevd: uninitialized urandom read (16 bytes read)
[    4.517954] sd 2:0:0:0: Attached scsi generic sg0 type 0
[    4.518364] sd 2:0:0:0: [sda] 20971520 512-byte logical blocks: (10.7 GB/10.0 GiB)
[    4.518445] sd 2:0:0:0: [sda] Write Protect is off
[    4.518612] sd 2:0:0:0: [sda] Incomplete mode parameter data
[    4.518613] sd 2:0:0:0: [sda] Assuming drive cache: write through
[    4.531448] sd 2:0:1:0: Attached scsi generic sg1 type 0
[    4.545831] e1000 0000:00:08.0 eth1: (PCI:33MHz:32-bit) 08:00:27:50:74:3c
[    4.545836] e1000 0000:00:08.0 eth1: Intel(R) PRO/1000 Network Connection
[    4.565184] sd 2:0:1:0: [sdb] 20480 512-byte logical blocks: (10.5 MB/10.0 MiB)
[    4.565511] sd 2:0:1:0: [sdb] Write Protect is off
[    4.565989] sd 2:0:1:0: [sdb] Incomplete mode parameter data
[    4.565991] sd 2:0:1:0: [sdb] Assuming drive cache: write through
[    4.581110]  sda: sda1
[    4.584699] sd 2:0:0:0: [sda] Attached SCSI disk
[    4.587044] e1000 0000:00:03.0 enp0s3: renamed from eth0
[    4.589156] sd 2:0:1:0: [sdb] Attached SCSI disk
[    4.634880] e1000 0000:00:08.0 enp0s8: renamed from eth1
Begin: Loading essential drivers ... [    6.068686] raid6: sse2x1   gen()  9660 MB/s
[    6.116222] raid6: sse2x1   xor()  8347 MB/s
[    6.164200] raid6: sse2x2   gen() 14622 MB/s
[    6.212239] raid6: sse2x2   xor()  9822 MB/s
[    6.260282] raid6: sse2x4   gen() 13594 MB/s
[    6.308113] raid6: sse2x4   xor()  5636 MB/s
[    6.356131] raid6: avx2x1   gen() 13942 MB/s
[    6.404082] raid6: avx2x1   xor() 12802 MB/s
[    6.452107] raid6: avx2x2   gen() 17663 MB/s
[    6.500234] raid6: avx2x2   xor() 16883 MB/s
[    6.548498] raid6: avx2x4   gen() 33131 MB/s
[    6.596210] raid6: avx2x4   xor() 19378 MB/s
[    6.597426] raid6: using algorithm avx2x4 gen() 33131 MB/s
[    6.598890] raid6: .... xor() 19378 MB/s, rmw enabled
[    6.600432] raid6: using avx2x2 recovery algorithm
[    6.603050] xor: automatically using best checksumming function   avx       
[    6.608370] async_tx: api initialized (async)
done.
Begin: Running /scripts/init-premount ... done.
Begin: Mounting root file system ... Begin: Running /scripts/local-top ... done.
Begin: Running /scripts/local-premount ... [    6.651966] Btrfs loaded, crc32c=crc32c-intel
Scanning for Btrfs filesystems
done.
Warning: fsck not present, so skipping root file system
[    6.690289] EXT4-fs (sda1): mounted filesystem with ordered data mode. Opts: (null)
done.
Begin: Running /scripts/local-bottom ... done.
Begin: Running /scripts/init-bottom ... done.
[    6.876783] ip_tables: (C) 2000-2006 Netfilter Core Team
[    6.889508] systemd[1]: systemd 237 running in system mode. (+PAM +AUDIT +SELINUX +IMA +APPARMOR +SMACK +SYSVINIT +UTMP +LIBCRYPTSETUP +GCRYPT +GNUTLS +ACL +XZ +LZ4 +SECCOMP +BLKID +ELFUTILS +KMOD -IDN2 +IDN -PCRE2 default-hierarchy=hybrid)
[    6.895250] systemd[1]: Detected virtualization oracle.
[    6.896811] systemd[1]: Detected architecture x86-64.

Welcome to [1mUbuntu 18.04.2 LTS[0m!

[    6.907694] systemd[1]: Set hostname to <Worker>.
[    7.205258] systemd[1]: Created slice User and Session Slice.
[[0;32m  OK  [0m] Created slice User and Session Slice.
[    7.208249] systemd[1]: Reached target User and Group Name Lookups.
[[0;32m  OK  [0m] Reached target User and Group Name Lookups.
[    7.211432] systemd[1]: Started Forward Password Requests to Wall Directory Watch.
[[0;32m  OK  [0m] Started Forward Password Requests to Wall Directory Watch.
[    7.214830] systemd[1]: Created slice System Slice.
[[0;32m  OK  [0m] Created slice System Slice.
[    7.216792] systemd[1]: Listening on Journal Socket.
[[0;32m  OK  [0m] Listening on Journal Socket.
[    7.219666] systemd[1]: Starting Remount Root and Kernel File Systems...
         Starting Remount Root and Kernel File Systems...
[[0;32m  OK  [0m] Listening on /dev/initctl Compatibility Named Pipe.
[[0;32m  OK  [0m] Listening on Journal Socket (/dev/log).
         Starting Uncomplicated firewall...
[[0;32m  OK  [0m] Listening on Journal Audit Socket.
         Mounting Huge Pages File System...
         Mounting Kernel Debug File System...
[[0;32m  OK  [0m] Reached target Swap.
         Starting Create list of required stâ€¦ce nodes for the current kernel...
[[0;32m  OK  [0m] Listening on Syslog Socket.
         Starting Set the console keyboard layout...
         Starting Journal Service...
[[0;32m  OK  [0m] Set up automount Arbitrary Executabâ€¦rmats File System Automount Point.
         Mounting POSIX Message Queue File System...
[[0;32m  OK  [0m] Listening on Device-mapper event daemon FIFOs.
[[0;32m  OK  [0m] Listening on udev Kernel Socket.
[[0;32m  OK  [0m] Listening on udev Control Socket.
[[0;32m  OK  [0m] Listening on LVM2 poll daemon socket.
[[0;32m  OK  [0m] Reached target System Time Synchronized.
[[0;32m  OK  [0m] Listening on LVM2 metadata daemon socket.
         Starting Monitoring of LVM2 mirrorsâ€¦ng dmeventd or progress polling...
[[0;32m  OK  [0m] Listening on Network Service Netlink Socket.
         Starting udev Coldplug all Devices...
         Starting Load Kernel Modules...
[[0;32m  OK  [0m] Created slice system-serial\x2dgetty.slice.
[[0;32m  OK  [0m] Reached target Slices.
[[0;32m  OK  [0m] Started Journal Service.
[[0;32m  OK  [0m] Started Uncomplicated firewall.
[[0;32m  OK  [0m] Mounted Huge Pages File System.
[[0;32m  OK  [0m] Mounted Kernel Debug File System.
[[0;32m  OK  [0m] Started Create list of required staâ€¦vice nodes for the current kernel.
[    7.421977] Loading iSCSI transport class v2.0-870.
[[0;32m  OK  [0m] Mounted POSIX Message Queue File System.
         Starting Create Static Device Nodes in /dev...
[[0;32m  OK  [0m] Started LVM2 metadata daemon.
[    7.470493] EXT4-fs (sda1): re-mounted. Opts: (null)
[[0;32m  OK  [0m] Started Remount Root and Kernel File Systems.
         Starting Flush Journal to Persistent Storage...
[    7.531488] iscsi: registered transport (tcp)
         Starting Load/Save Random Seed...
[[0;32m  OK  [0m] Started udev Coldplug all Devices.
[[0;32m  OK  [0m] Started Create Static Device Nodes in /dev.
         Starting udev Kernel Device Manager...
[    7.595251] systemd-journald[417]: Received request to flush runtime journal from PID 1
[[0;32m  OK  [0m] Started Load/Save Random Seed.
[[0;32m  OK  [0m] Started Monitoring of LVM2 mirrors,â€¦sing dmeventd or progress polling.
[[0;32m  OK  [0m] Started udev Kernel Device Manager.
[[0;32m  OK  [0m] Started Set the console keyboard layout.
[[0;32m  OK  [0m] Started Dispatch Password Requests to Console Directory Watch.
[[0;32m  OK  [0m] Reached target Local Encrypted Volumes.
[[0;32m  OK  [0m] Reached target Local File Systems (Pre).
[[0;32m  OK  [0m] Reached target Local File Systems.
         Starting Tell Plymouth To Write Out Runtime Data...
         Starting AppArmor initialization...
         Starting ebtables ruleset management...
         Starting Set console font and keymap...
[[0;32m  OK  [0m] Started Flush Journal to Persistent Storage.
         Starting Create Volatile Files and Directories...
[[0;32m  OK  [0m] Started Tell Plymouth To Write Out Runtime Data.
[[0;32m  OK  [0m] Started Set console font and keymap.
[    7.787403] iscsi: registered transport (iser)
[[0;32m  OK  [0m] Started Load Kernel Modules.
         Mounting FUSE Control File System...
         Mounting Kernel Configuration File System...
         Starting Apply Kernel Variables...
[[0;32m  OK  [0m] Mounted FUSE Control File System.
[[0;32m  OK  [0m] Mounted Kernel Configuration File System.
[[0;32m  OK  [0m] Started Create Volatile Files and Directories.
         Starting Update UTMP about System Boot/Shutdown...
[[0;32m  OK  [0m] Started Update UTMP about System Boot/Shutdown.
[[0;32m  OK  [0m] Started Apply Kernel Variables.
[[0;32m  OK  [0m] Started ebtables ruleset management.
[[0;32m  OK  [0m] Found device /dev/ttyS0.
[[0;32m  OK  [0m] Started AppArmor initialization.
         Starting Initial cloud-init job (pre-networking)...
[[0;32m  OK  [0m] Listening on Load/Save RF Kill Switch Status /dev/rfkill Watch.
[    9.593464] cloud-init[547]: Cloud-init v. 18.5-45-g3554ffe8-0ubuntu1~18.04.1 running 'init-local' at Tue, 28 May 2019 14:13:58 +0000. Up 9.39 seconds.
[[0;32m  OK  [0m] Started Initial cloud-init job (pre-networking).
[[0;32m  OK  [0m] Reached target Network (Pre).
         Starting Network Service...
[[0;32m  OK  [0m] Started Network Service.
         Starting Wait for Network to be Configured...
         Starting Network Name Resolution...
[[0;32m  OK  [0m] Started Network Name Resolution.
[[0;32m  OK  [0m] Reached target Network.
[[0;32m  OK  [0m] Reached target Host and Network Name Lookups.
[[0;32m  OK  [0m] Started Wait for Network to be Configured.
         Starting Initial cloud-init job (metadata service crawler)...
[   11.814106] cloud-init[671]: Cloud-init v. 18.5-45-g3554ffe8-0ubuntu1~18.04.1 running 'init' at Tue, 28 May 2019 14:14:01 +0000. Up 11.67 seconds.
[   11.818429] cloud-init[671]: ci-info: ++++++++++++++++++++++++++++++++++++++Net device info+++++++++++++++++++++++++++++++++++++++
[   11.836627] cloud-init[671]: ci-info: +--------+------+-----------------------------+---------------+--------+-------------------+
[   11.839927] cloud-init[671]: ci-info: | Device |  Up  |           Address           |      Mask     | Scope  |     Hw-Address    |
[   11.843591] cloud-init[671]: ci-info: +--------+------+-----------------------------+---------------+--------+-------------------+
[   11.846074] cloud-init[671]: ci-info: | enp0s3 | True |          10.0.2.15          | 255.255.255.0 | global | 02:74:f0:c0:9d:60 |
[   11.847856] cloud-init[671]: ci-info: | enp0s3 | True |  fe80::74:f0ff:fec0:9d60/64 |       .       |  link  | 02:74:f0:c0:9d:60 |
[   11.849697] cloud-init[671]: ci-info: | enp0s8 | True |        192.168.2.101        | 255.255.255.0 | global | 08:00:27:50:74:3c |
[   11.852320] cloud-init[671]: ci-info: | enp0s8 | True | fe80::a00:27ff:fe50:743c/64 |       .       |  link  | 08:00:27:50:74:3c |
[   11.856907] cloud-init[671]: ci-info: |   lo   | True |          127.0.0.1          |   255.0.0.0   |  host  |         .         |
[   11.859936] cloud-init[671]: ci-info: |   lo   | True |           ::1/128           |       .       |  host  |         .         |
[   11.863141] cloud-init[671]: ci-info: +--------+------+-----------------------------+---------------+--------+-------------------+
[   11.866005] cloud-init[671]: ci-info: ++++++++++++++++++++++++++++Route IPv4 info+++++++++++++++++++++++++++++
[   11.868127] cloud-init[671]: ci-info: +-------+-------------+----------+-----------------+-----------+-------+
[   11.870389] cloud-init[671]: ci-info: | Route | Destination | Gateway  |     Genmask     | Interface | Flags |
[   11.873769] cloud-init[671]: ci-info: +-------+-------------+----------+-----------------+-----------+-------+
[   11.875929] cloud-init[671]: ci-info: |   0   |   0.0.0.0   | 10.0.2.2 |     0.0.0.0     |   enp0s3  |   UG  |
[   11.878790] cloud-init[671]: ci-info: |   1   |   10.0.2.0  | 0.0.0.0  |  255.255.255.0  |   enp0s3  |   U   |
[   11.881045] cloud-init[671]: ci-info: |   2   |   10.0.2.2  | 0.0.0.0  | 255.255.255.255 |   enp0s3  |   UH  |
[   11.883494] cloud-init[671]: ci-info: |   3   | 192.168.2.0 | 0.0.0.0  |  255.255.255.0  |   enp0s8  |   U   |
[   11.886155] cloud-init[671]: ci-info: +-------+-------------+----------+-----------------+-----------+-------+
[   11.888593] cloud-init[671]: ci-info: +++++++++++++++++++Route IPv6 info+++++++++++++++++++
[   11.890642] cloud-init[671]: ci-info: +-------+-------------+---------+-----------+-------+
[   11.892677] cloud-init[671]: ci-info: | Route | Destination | Gateway | Interface | Flags |
[   11.894787] cloud-init[671]: ci-info: +-------+-------------+---------+-----------+-------+
[   11.896897] cloud-init[671]: ci-info: |   1   |  fe80::/64  |    ::   |   enp0s8  |   U   |
[   11.899515] cloud-init[671]: ci-info: |   2   |  fe80::/64  |    ::   |   enp0s3  |   U   |
[   11.901586] cloud-init[671]: ci-info: |   4   |    local    |    ::   |   enp0s3  |   U   |
[   11.903570] cloud-init[671]: ci-info: |   5   |    local    |    ::   |   enp0s8  |   U   |
[   11.905567] cloud-init[671]: ci-info: |   6   |   ff00::/8  |    ::   |   enp0s8  |   U   |
[   11.907555] cloud-init[671]: ci-info: |   7   |   ff00::/8  |    ::   |   enp0s3  |   U   |
[   11.909606] cloud-init[671]: ci-info: +-------+-------------+---------+-----------+-------+
[[0;32m  OK  [0m] Started Initial cloud-init job (metadata service crawler).
[[0;32m  OK  [0m] Reached target Network is Online.
         Starting Availability of block devices...
[[0;32m  OK  [0m] Reached target Remote File Systems (Pre).
[[0;32m  OK  [0m] Reached target Remote File Systems.
[[0;32m  OK  [0m] Reached target System Initialization.
[[0;32m  OK  [0m] Started Discard unused blocks once a week.
[[0;32m  OK  [0m] Started Daily Cleanup of Temporary Directories.
[[0;32m  OK  [0m] Started Daily apt download activities.
[[0;32m  OK  [0m] Started Daily apt upgrade and clean activities.
[[0;32m  OK  [0m] Started ACPI Events Check.
[[0;32m  OK  [0m] Listening on D-Bus System Message Bus Socket.
[[0;32m  OK  [0m] Listening on UUID daemon activation socket.
[[0;32m  OK  [0m] Started Message of the Day.
[[0;32m  OK  [0m] Reached target Timers.
[[0;32m  OK  [0m] Listening on Open-iSCSI iscsid Socket.
[[0;32m  OK  [0m] Reached target Paths.
         Starting Socket activation for snappy daemon.
         Starting LXD - unix socket.
[[0;32m  OK  [0m] Listening on ACPID Listen Socket.
[[0;32m  OK  [0m] Reached target Cloud-config availability.
[[0;32m  OK  [0m] Started Availability of block devices.
[[0;32m  OK  [0m] Listening on Socket activation for snappy daemon.
[[0;32m  OK  [0m] Listening on LXD - unix socket.
[[0;32m  OK  [0m] Reached target Sockets.
[[0;32m  OK  [0m] Reached target Basic System.
[[0;32m  OK  [0m] Started FUSE filesystem for LXC.
[[0;32m  OK  [0m] Started D-Bus System Message Bus.
         Starting Login Service...
         Starting Permit User Sessions...
         Starting OpenBSD Secure Shell server...
         Starting Virtualbox guest utils...
[[0;32m  OK  [0m] Started irqbalance daemon.
         Starting LSB: automatic crash report generation...
         Starting System Logging Service...
         Starting LSB: Record successful boot for GRUB...
         Starting LXD - container startup/shutdown...
[[0;32m  OK  [0m] Started Deferred execution scheduler.
[[0;32m  OK  [0m] Started Regular background program processing daemon.
         Starting Accounts Service...
         Starting Dispatcher daemon for systemd-networkd...
         Starting Snappy daemon...
[[0;32m  OK  [0m] Started System Logging Service.
[[0;32m  OK  [0m] Started Permit User Sessions.
[[0;32m  OK  [0m] Started Login Service.
[[0;32m  OK  [0m] Started Unattended Upgrades Shutdown.
         Starting Hold until boot process finishes up...
         Starting Terminate Plymouth Boot Screen...
[[0;32m  OK  [0m] Started OpenBSD Secure Shell server.
[[0;32m  OK  [0m] Started Terminate Plymouth Boot Screen.
[[0;32m  OK  [0m] Started Hold until boot process finishes up.
         Starting Set console scheme...
[[0;32m  OK  [0m] Started Serial Getty on ttyS0.
         Starting Authorization Manager...
[[0;32m  OK  [0m] Started Set console scheme.
[[0;32m  OK  [0m] Created slice system-getty.slice.
[[0;32m  OK  [0m] Started Getty on tty1.
[[0;32m  OK  [0m] Reached target Login Prompts.
[[0;32m  OK  [0m] Started LSB: automatic crash report generation.
[[0;32m  OK  [0m] Started Authorization Manager.
[[0;32m  OK  [0m] Started Accounts Service.
[[0;32m  OK  [0m] Started LSB: Record successful boot for GRUB.
[[0;32m  OK  [0m] Started Virtualbox guest utils.
[[0;32m  OK  [0m] Started LXD - container startup/shutdown.
[[0;32m  OK  [0m] Started Snappy daemon.
         Starting Wait until snapd is fully seeded...
[[0;32m  OK  [0m] Started Wait until snapd is fully seeded.
         Starting Apply the settings specified in cloud-config...
[[0;32m  OK  [0m] Started Dispatcher daemon for systemd-networkd.
[[0;32m  OK  [0m] Reached target Multi-User System.
[[0;32m  OK  [0m] Reached target Graphical Interface.
         Starting Update UTMP about System Runlevel Changes...
[[0;32m  OK  [0m] Started Update UTMP about System Runlevel Changes.
[   13.904362] cloud-init[1028]: Cloud-init v. 18.5-45-g3554ffe8-0ubuntu1~18.04.1 running 'modules:config' at Tue, 28 May 2019 14:14:02 +0000. Up 13.55 seconds.
[[0;32m  OK  [0m] Started Apply the settings specified in cloud-config.
         Starting Execute cloud user/final scripts...
[   14.446691] cloud-init[1074]: Cloud-init v. 18.5-45-g3554ffe8-0ubuntu1~18.04.1 running 'modules:final' at Tue, 28 May 2019 14:14:03 +0000. Up 14.31 seconds.
[   14.451003] cloud-init[1074]: Cloud-init v. 18.5-45-g3554ffe8-0ubuntu1~18.04.1 finished at Tue, 28 May 2019 14:14:03 +0000. Datasource DataSourceNoCloud [seed=/dev/sdb][dsmode=net].  Up 14.43 seconds
[[0;32m  OK  [0m] Started Execute cloud user/final scripts.
[[0;32m  OK  [0m] Reached target Cloud-init target.

Ubuntu 18.04.2 LTS Worker ttyS0

Worker login: [[0;32m  OK  [0m] Stopped target Host and Network Name Lookups.
         Stopping User Manager for UID 1000...
[[0;32m  OK  [0m] Stopped target Timers.
         Stopping Availability of block devices...
[[0;32m  OK  [0m] Stopped target Graphical Interface.
         Stopping Accounts Service...
[[0;32m  OK  [0m] Stopped target Cloud-init target.
[[0;32m  OK  [0m] Closed Load/Save RF Kill Swit         Stopping Availability of block devices...
         Stopping Authorization Manager...
         Stopping Session 24 of user vagrant.
[[0;32m  OK  [0m] Stopped target Timers.
[[0;32m  OK  [0m] Stopped Message of the Day.
[[0;32m  OK  [0m] Stopped Discard unused blocks once a week.
[[0;32m  OK  [0m] Stopped target Graphical Interface.
         Stopping Accounts Service...
[[0;32m  OK  [0m] Closed Load/Save RF Kill Switch Status /dev/rfkill Watch.
[[0;32m  OK  [0m] Stopped target Cloud-init target.
[[0;32m  OK  [0m] Stopped Execute cloud user/final scripts.
[[0;32m  OK  [0m] Stopped Apply the settings specified in cloud-config.
[[0;32m  OK  [0m] Stopped target Cloud-config availability.
[[0;32m  OK  [0m] Stopped target Multi-User System.
         Stopping Docker Application Container Engine...
         Stopping LXD - container startup/shutdown...
         Stopping Unattended Upgrades Shutdown...
         Stopping Dispatcher daemon for systemd-networkd...
         Stopping OpenBSD Secure Shell server...
         Stopping irqbalance daemon...
         Stopping Deferred execution scheduler...
[[0;32m  OK  [0m] Stopped target Login Prompts.
         Stopping Getty on tty1...
[[0;32m  OK  [0m] Stopped Wait until snapd is fully seeded.
         Stopping Virtualbox guest utils...
         Stopping FUSE filesystem for LXC...
         Stopping LSB: Record successful boot for GRUB...
         Stopping Regular background program processing daemon...
         Stopping User Manager for UID 1000...
[[0;32m  OK  [0m] Stopped target Host and Network Name Lookups.
         Stopping D-Bus System Message Bus...
         Stopping Serial Getty on ttyS0...
         Stopping System Logging Service...
         Stopping LSB: automatic crash report generation...
[[0;32m  OK  [0m] Stopped Daily Cleanup of Temporary Directories.
[[0;32m  OK  [0m] Stopped Daily apt upgrade and clean activities.
[[0;32m  OK  [0m] Stopped Daily apt download activities.
[[0;32m  OK  [0m] Stopped target System Time Synchronized.
[[0;32m  OK  [0m] Unmounted /var/lib/lxcfs.
[[0;32m  OK  [0m] Stopped Accounts Service.
[[0;32m  OK  [0m] Stopped Regular background program processing daemon.
[[0;32m  OK  [0m] Stopped irqbalance daemon.
[[0;32m  OK  [0m] Stopped System Logging Service.
[[0;32m  OK  [0m] Stopped Dispatcher daemon for systemd-networkd.
[[0;32m  OK  [0m] Stopped Deferred execution scheduler.
[[0;32m  OK  [0m] Stopped OpenBSD Secure Shell server.
[[0;32m  OK  [0m] Stopped Unattended Upgrades Shutdown.
[[0;32m  OK  [0m] Stopped Authorization Manager.
[[0;32m  OK  [0m] Stopped Serial Getty on ttyS0.
[[0;32m  OK  [0m] Stopped Getty on tty1.
[[0;32m  OK  [0m] Stopped User Manager for UID 1000.
[[0;32m  OK  [0m] Stopped Availability of block devices.
[[0;32m  OK  [0m] Stopped D-Bus System Message Bus.
[[0;32m  OK  [0m] Stopped FUSE filesystem for LXC.
[[0;32m  OK  [0m] Stopped Session 24 of user vagrant.
[[0;32m  OK  [0m] Removed slice User Slice of vagrant.
[[0;32m  OK  [0m] Removed slice system-getty.slice.
         Stopping Permit User Sessions...
[[0;32m  OK  [0m] Removed slice system-serial\x2dgetty.slice.
         Stopping Login Service...
[[0;32m  OK  [0m] Stopped LXD - container startup/shutdown.
[[0;32m  OK  [0m] Stopped LSB: Record successful boot for GRUB.
[[0;32m  OK  [0m] Stopped Permit User Sessions.
[[0;32m  OK  [0m] Stopped LSB: automatic crash report generation.
[[0;32m  OK  [0m] Unmounted /run/docker/netns/1-vuq4kle97f.
[[0;32m  OK  [0m] Stopped target Remote File Systems.
[[0;32m  OK  [0m] Stopped target Remote File Systems (Pre).
[[0;32m  OK  [0m] Stopped Virtualbox guest utils.
[[0;32m  OK  [0m] Stopped Login Service.
[[0;32m  OK  [0m] Stopped target User and Group Name Lookups.
[[0;32m  OK  [0m] Unmounted /run/docker/netns/ingress_sbox.
[[0;32m  OK  [0m] Stopped Docker Application Container Engine.
[[0;32m  OK  [0m] Stopped target Network is Online.
         Stopping containerd container runtime...
[[0;32m  OK  [0m] Stopped containerd container runtime.
[[0;32m  OK  [0m] Stopped target Basic System.
[[0;32m  OK  [0m] Stopped target Paths.
[[0;32m  OK  [0m] Stopped ACPI Events Check.
[[0;32m  OK  [0m] Stopped target Sockets.
[[0;32m  OK  [0m] Closed ACPID Listen Socket.
[[0;32m  OK  [0m] Closed LXD - unix socket.
[[0;32m  OK  [0m] Closed UUID daemon activation socket.
[[0;32m  OK  [0m] Closed Docker Socket for the API.
[[0;32m  OK  [0m] Closed Socket activation for snappy daemon.
[[0;32m  OK  [0m] Closed D-Bus System Message Bus Socket.
[[0;32m  OK  [0m] Closed Syslog Socket.
[[0;32m  OK  [0m] Closed Open-iSCSI iscsid Socket.
[[0;32m  OK  [0m] Stopped target Slices.
[[0;32m  OK  [0m] Removed slice User and Session Slice.
[[0;32m  OK  [0m] Stopped target System Initialization.
[[0;32m  OK  [0m] Stopped target Local Encrypted Volumes.
[[0;32m  OK  [0m] Stopped Dispatch Password Requests to Console Directory Watch.
[[0;32m  OK  [0m] Stopped Forward Password Requests to Wall Directory Watch.
         Stopping Load/Save Random Seed...
         Stopping Update UTMP about System Boot/Shutdown...
[[0;32m  OK  [0m] Stopped Initial cloud-init job (metadata service crawler).
[[0;32m  OK  [0m] Stopped target Network.
         Stopping Network Name Resolution...
[[0;32m  OK  [0m] Stopped Update UTMP about System Boot/Shutdown.
[[0;32m  OK  [0m] Stopped Load/Save Random Seed.
[[0;32m  OK  [0m] Stopped Network Name Resolution.
         Stopping Network Service...
[[0;32m  OK  [0m] Stopped Create Volatile Files and Directories.
[[0;32m  OK  [0m] Stopped target Local File Systems.
         Unmounting /vagrant...
         Unmounting /run/user/1000...
[[0;32m  OK  [0m] Unmounted /vagrant.
[[0;32m  OK  [0m] Unmounted /run/user/1000.
[[0;32m  OK  [0m] Reached target Unmount All Filesystems.
[[0;32m  OK  [0m] Stopped target Local File Systems (Pre).
         Stopping Monitoring of LVM2 mirrorsâ€¦ng dmeventd or progress polling...
[[0;32m  OK  [0m] Stopped Create Static Device Nodes in /dev.
[[0;32m  OK  [0m] Stopped target Swap.
[[0;32m  OK  [0m] Stopped Network Service.
[[0;32m  OK  [0m] Stopped Apply Kernel Variables.
[[0;32m  OK  [0m] Stopped Load Kernel Modules.
[[0;32m  OK  [0m] Stopped target Network (Pre).
[[0;32m  OK  [0m] Stopped Initial cloud-init job (pre-networking).
[[0;32m  OK  [0m] Stopped Remount Root and Kernel File Systems.
[[0;32m  OK  [0m] Reached target Shutdown.
[[0;32m  OK  [0m] Reached target Final Step.
         Starting Power-Off...
[[0;32m  OK  [0m] Stopped Monitoring of LVM2 mirrors,â€¦sing dmeventd or progress polling.
         Stopping LVM2 metadata daemon...
[[0;32m  OK  [0m] Stopped LVM2 metadata daemon.
[51889.293765] reboot: Power down
